id,numeral,version,properties__numeral,__red_herring
1,"1","pi","1","not"
2,"one","3.14","one","this"
3,"true",,"true","one"
